Archive member included because of file (symbol)

C:\Users\GAVO\Desktop\Practica1_alumnos\Practica1\libimgarm.a(imglib_arm.o)
                              ./misc.o (gaussian)

Allocating common symbols
Common symbol       size              file

imagenMax           0x40              ./main.o
imagenRGB           0xc0              ./main.o
imagenGauss         0x40              ./main.o
imagenSobel         0x40              ./main.o
imagenGris          0x40              ./main.o

Memory Configuration

Name             Origin             Length             Attributes
*default*        0x00000000         0xffffffff

Linker script and memory map

LOAD ./init.o
LOAD ./lena512color.o
LOAD ./main.o
LOAD ./misc.o
LOAD ./time.o
LOAD ./trafo.o
LOAD C:\Users\GAVO\Desktop\Practica1_alumnos\Practica1\libimgarm.a
START GROUP
LOAD c:/users/gavo/desktop/eclipsearm/sourcery-g++-lite-arm-2011.03/bin/../lib/gcc/arm-none-eabi/4.5.2\libgcc.a
LOAD c:/users/gavo/desktop/eclipsearm/sourcery-g++-lite-arm-2011.03/bin/../lib/gcc/arm-none-eabi/4.5.2/../../../../arm-none-eabi/lib\libc.a
END GROUP
                0x0c000000                . = 0xc000000

.data           0x0c000000    0xc0088
 *(.data)
 .data          0x0c000000        0x0 ./init.o
 .data          0x0c000000    0xc0000 ./lena512color.o
                0x0c000000                imageLena512
 .data          0x0c0c0000        0x0 ./main.o
 .data          0x0c0c0000        0x0 ./misc.o
 .data          0x0c0c0000        0x0 ./time.o
 .data          0x0c0c0000        0x0 ./trafo.o
 .data          0x0c0c0000        0x0 C:\Users\GAVO\Desktop\Practica1_alumnos\Practica1\libimgarm.a(imglib_arm.o)
 *(.rodata)
 .rodata        0x0c0c0000       0x88 C:\Users\GAVO\Desktop\Practica1_alumnos\Practica1\libimgarm.a(imglib_arm.o)

.bss            0x0c0c0088      0x1c0
 *(.bss)
 .bss           0x0c0c0088        0x0 ./init.o
 .bss           0x0c0c0088        0x0 ./lena512color.o
 .bss           0x0c0c0088        0x0 ./main.o
 .bss           0x0c0c0088        0x0 ./misc.o
 .bss           0x0c0c0088        0x0 ./time.o
 .bss           0x0c0c0088        0x0 ./trafo.o
 .bss           0x0c0c0088        0x0 C:\Users\GAVO\Desktop\Practica1_alumnos\Practica1\libimgarm.a(imglib_arm.o)
 *(COMMON)
 COMMON         0x0c0c0088      0x1c0 ./main.o
                0x0c0c0088                imagenMax
                0x0c0c00c8                imagenRGB
                0x0c0c0188                imagenGauss
                0x0c0c01c8                imagenSobel
                0x0c0c0208                imagenGris

.text           0x0c0c0248      0x754
 *(.text)
 .text          0x0c0c0248       0x14 ./init.o
                0x0c0c0248                start
 .text          0x0c0c025c        0x0 ./lena512color.o
 .text          0x0c0c025c      0x224 ./main.o
                0x0c0c025c                initRGB
                0x0c0c03d0                main
 .text          0x0c0c0480      0x134 ./misc.o
                0x0c0c0480                rgb2gray
                0x0c0c04c4                div16384
                0x0c0c04e4                apply_gaussian
                0x0c0c0544                MaximoGris
 .text          0x0c0c05b4       0xdc ./time.o
                0x0c0c05b4                timer_init
                0x0c0c05e0                timer_start
                0x0c0c0634                timer_stop
 .text          0x0c0c0690      0x194 ./trafo.o
                0x0c0c0690                RGB2GrayMatrix
                0x0c0c0764                apply_sobel
 .text          0x0c0c0824      0x178 C:\Users\GAVO\Desktop\Practica1_alumnos\Practica1\libimgarm.a(imglib_arm.o)
                0x0c0c0824                gaussian
                0x0c0c08d8                sobel
                0x0c0c0998                non_max_sup
                0x0c0c099c                PROVIDE (end, .)
                0x0c7ff000                PROVIDE (_stack, 0xc7ff000)
OUTPUT(Practica1.elf elf32-littlearm)

.glue_7         0x0c0c099c        0x0
 .glue_7        0x00000000        0x0 linker stubs

.glue_7t        0x0c0c099c        0x0
 .glue_7t       0x00000000        0x0 linker stubs

.vfp11_veneer   0x0c0c099c        0x0
 .vfp11_veneer  0x00000000        0x0 linker stubs

.v4_bx          0x0c0c099c        0x0
 .v4_bx         0x00000000        0x0 linker stubs

.ARM.attributes
                0x00000000       0x2c
 .ARM.attributes
                0x00000000       0x22 ./init.o
 .ARM.attributes
                0x00000022       0x32 ./lena512color.o
 .ARM.attributes
                0x00000054       0x32 ./main.o
 .ARM.attributes
                0x00000086       0x22 ./misc.o
 .ARM.attributes
                0x000000a8       0x32 ./time.o
 .ARM.attributes
                0x000000da       0x32 ./trafo.o
 .ARM.attributes
                0x0000010c       0x30 C:\Users\GAVO\Desktop\Practica1_alumnos\Practica1\libimgarm.a(imglib_arm.o)

.comment        0x00000000       0x3b
 .comment       0x00000000       0x2a ./lena512color.o
                                 0x2b (size before relaxing)
 .comment       0x00000000       0x2b ./main.o
 .comment       0x00000000       0x2b ./time.o
 .comment       0x00000000       0x2b ./trafo.o
 .comment       0x0000002a       0x11 C:\Users\GAVO\Desktop\Practica1_alumnos\Practica1\libimgarm.a(imglib_arm.o)
                                 0x12 (size before relaxing)

.debug_line     0x00000000      0x573
 .debug_line    0x00000000       0x3e ./init.o
 .debug_line    0x0000003e       0x47 ./lena512color.o
 .debug_line    0x00000085      0x375 ./main.o
 .debug_line    0x000003fa       0x84 ./misc.o
 .debug_line    0x0000047e       0x52 ./time.o
 .debug_line    0x000004d0       0xa3 ./trafo.o

.debug_info     0x00000000      0x531
 .debug_info    0x00000000       0x6d ./init.o
 .debug_info    0x0000006d       0x5d ./lena512color.o
 .debug_info    0x000000ca      0x22b ./main.o
 .debug_info    0x000002f5       0x78 ./misc.o
 .debug_info    0x0000036d       0x74 ./time.o
 .debug_info    0x000003e1      0x150 ./trafo.o

.debug_abbrev   0x00000000      0x267
 .debug_abbrev  0x00000000       0x14 ./init.o
 .debug_abbrev  0x00000014       0x44 ./lena512color.o
 .debug_abbrev  0x00000058       0xf5 ./main.o
 .debug_abbrev  0x0000014d       0x14 ./misc.o
 .debug_abbrev  0x00000161       0x4d ./time.o
 .debug_abbrev  0x000001ae       0xb9 ./trafo.o

.debug_aranges  0x00000000       0xa0
 .debug_aranges
                0x00000000       0x20 ./init.o
 .debug_aranges
                0x00000020       0x20 ./main.o
 .debug_aranges
                0x00000040       0x20 ./misc.o
 .debug_aranges
                0x00000060       0x20 ./time.o
 .debug_aranges
                0x00000080       0x20 ./trafo.o

.debug_macinfo  0x00000000     0xaf56
 .debug_macinfo
                0x00000000     0x210e ./lena512color.o
 .debug_macinfo
                0x0000210e     0x4b7d ./main.o
 .debug_macinfo
                0x00006c8b     0x219d ./time.o
 .debug_macinfo
                0x00008e28     0x212e ./trafo.o

.debug_pubnames
                0x00000000      0x10a
 .debug_pubnames
                0x00000000       0x23 ./lena512color.o
 .debug_pubnames
                0x00000023       0x72 ./main.o
 .debug_pubnames
                0x00000095       0x40 ./time.o
 .debug_pubnames
                0x000000d5       0x35 ./trafo.o

.debug_str      0x00000000      0x200
 .debug_str     0x00000000       0x7d ./lena512color.o
                                 0x8a (size before relaxing)
 .debug_str     0x0000007d      0x11a ./main.o
                                0x16d (size before relaxing)
 .debug_str     0x00000197       0x2c ./time.o
                                 0x86 (size before relaxing)
 .debug_str     0x000001c3       0x3d ./trafo.o
                                 0xbd (size before relaxing)

.debug_loc      0x00000000      0x134
 .debug_loc     0x00000000       0x58 ./main.o
 .debug_loc     0x00000058       0x84 ./time.o
 .debug_loc     0x000000dc       0x58 ./trafo.o

.debug_pubtypes
                0x00000000       0x79
 .debug_pubtypes
                0x00000000       0x49 ./main.o
 .debug_pubtypes
                0x00000049       0x30 ./trafo.o

.debug_frame    0x00000000      0x118
 .debug_frame   0x00000000       0x50 ./main.o
 .debug_frame   0x00000050       0x70 ./time.o
 .debug_frame   0x000000c0       0x58 ./trafo.o
